/csharp/google-cloud-library_example/Google.Example.Library.V1/Google.Example.Library.V1.Snippets/LibraryServiceClientSnippets.g.cs
/csharp/google-cloud-library_example/Google.Example.Library.V1/Google.Example.Library.V1/Library.cs
/csharp/google-cloud-library_example/Google.Example.Library.V1/Google.Example.Library.V1/LibraryGrpc.cs
/csharp/google-cloud-library_example/Google.Example.Library.V1/Google.Example.Library.V1/LibraryServiceClient.cs
/csharp/google-cloud-library_example/Google.Example.Library.V1/Google.Example.Library.V1/ResourceNames.cs
/csharp/grpc-google-cloud-library_example-v1/LibraryGrpc.cs
/csharp/proto-google-cloud-library_example-v1/Library.cs
/gapi-cloud-library_example-go/cloud.google.com/go/example/library/apiv1/doc.go
/gapi-cloud-library_example-go/cloud.google.com/go/example/library/apiv1/library_client.go
/gapi-cloud-library_example-go/cloud.google.com/go/example/library/apiv1/library_client_example_test.go
/gapi-cloud-library_example-go/cloud.google.com/go/example/library/apiv1/mock_test.go
/gapi-cloud-library_example-go/google.golang.org/genproto/googleapis/example/library/v1/library.pb.go
/google-php-cloud-library_example-v1/composer.json
/google-php-cloud-library_example-v1/proto/src/GPBMetadata/Google/Example/Library/V1/Library.php
/google-php-cloud-library_example-v1/proto/src/Google/Example/Library/V1/Book.php
/google-php-cloud-library_example-v1/proto/src/Google/Example/Library/V1/CreateBookRequest.php
/google-php-cloud-library_example-v1/proto/src/Google/Example/Library/V1/CreateShelfRequest.php
/google-php-cloud-library_example-v1/proto/src/Google/Example/Library/V1/DeleteBookRequest.php
/google-php-cloud-library_example-v1/proto/src/Google/Example/Library/V1/DeleteShelfRequest.php
/google-php-cloud-library_example-v1/proto/src/Google/Example/Library/V1/GetBookRequest.php
/google-php-cloud-library_example-v1/proto/src/Google/Example/Library/V1/GetShelfRequest.php
/google-php-cloud-library_example-v1/proto/src/Google/Example/Library/V1/LibraryServiceClient.php
/google-php-cloud-library_example-v1/proto/src/Google/Example/Library/V1/ListBooksRequest.php
/google-php-cloud-library_example-v1/proto/src/Google/Example/Library/V1/ListBooksResponse.php
/google-php-cloud-library_example-v1/proto/src/Google/Example/Library/V1/ListShelvesRequest.php
/google-php-cloud-library_example-v1/proto/src/Google/Example/Library/V1/ListShelvesResponse.php
/google-php-cloud-library_example-v1/proto/src/Google/Example/Library/V1/MergeShelvesRequest.php
/google-php-cloud-library_example-v1/proto/src/Google/Example/Library/V1/MoveBookRequest.php
/google-php-cloud-library_example-v1/proto/src/Google/Example/Library/V1/Shelf.php
/google-php-cloud-library_example-v1/proto/src/Google/Example/Library/V1/UpdateBookRequest.php
/google-php-cloud-library_example-v1/src/Example/Library/V1/LibraryServiceClient.php
/google-php-cloud-library_example-v1/src/Example/Library/V1/LibraryServiceGapicClient.php
/google-php-cloud-library_example-v1/src/Example/Library/V1/resources/library_service_client_config.json
/google-php-cloud-library_example-v1/tests/unit/Example/Library/V1/LibraryServiceClientTest.php
/google-php-cloud-library_example-v1/tests/unit/Example/Library/V1/MockLibraryServiceImpl.php
/go/grpc-google-cloud-library_example-v1/google.golang.org/genproto/googleapis/example/library/v1/library.pb.go
/google-cloud-library_example-v1.desc
/google-cloud-library_example-v1_package.yaml
/java/google-cloud-library_example/.gradle/2.12/taskArtifacts/cache.properties
/java/google-cloud-library_example/.gradle/2.12/taskArtifacts/cache.properties.lock
/java/google-cloud-library_example/.gradle/2.12/taskArtifacts/fileHashes.bin
/java/google-cloud-library_example/.gradle/2.12/taskArtifacts/fileSnapshots.bin
/java/google-cloud-library_example/.gradle/2.12/taskArtifacts/outputFileStates.bin
/java/google-cloud-library_example/.gradle/2.12/taskArtifacts/taskArtifacts.bin
/java/google-cloud-library_example/build.gradle
/java/google-cloud-library_example/build/classes/main/com/google/cloud/example/library/spi/v1/LibraryServiceClient.class
/java/google-cloud-library_example/build/classes/main/com/google/cloud/example/library/spi/v1/LibraryServiceSettings$1.class
/java/google-cloud-library_example/build/classes/main/com/google/cloud/example/library/spi/v1/LibraryServiceSettings$2.class
/java/google-cloud-library_example/build/classes/main/com/google/cloud/example/library/spi/v1/LibraryServiceSettings$3.class
/java/google-cloud-library_example/build/classes/main/com/google/cloud/example/library/spi/v1/LibraryServiceSettings$4.class
/java/google-cloud-library_example/build/classes/main/com/google/cloud/example/library/spi/v1/LibraryServiceSettings$Builder.class
/java/google-cloud-library_example/build/classes/main/com/google/cloud/example/library/spi/v1/LibraryServiceSettings.class
/java/google-cloud-library_example/build/classes/main/com/google/cloud/example/library/spi/v1/PagedResponseWrappers$1.class
/java/google-cloud-library_example/build/classes/main/com/google/cloud/example/library/spi/v1/PagedResponseWrappers$ListBooksFixedSizeCollection.class
/java/google-cloud-library_example/build/classes/main/com/google/cloud/example/library/spi/v1/PagedResponseWrappers$ListBooksPage.class
/java/google-cloud-library_example/build/classes/main/com/google/cloud/example/library/spi/v1/PagedResponseWrappers$ListBooksPagedResponse$1.class
/java/google-cloud-library_example/build/classes/main/com/google/cloud/example/library/spi/v1/PagedResponseWrappers$ListBooksPagedResponse.class
/java/google-cloud-library_example/build/classes/main/com/google/cloud/example/library/spi/v1/PagedResponseWrappers$ListShelvesFixedSizeCollection.class
/java/google-cloud-library_example/build/classes/main/com/google/cloud/example/library/spi/v1/PagedResponseWrappers$ListShelvesPage.class
/java/google-cloud-library_example/build/classes/main/com/google/cloud/example/library/spi/v1/PagedResponseWrappers$ListShelvesPagedResponse$1.class
/java/google-cloud-library_example/build/classes/main/com/google/cloud/example/library/spi/v1/PagedResponseWrappers$ListShelvesPagedResponse.class
/java/google-cloud-library_example/build/classes/main/com/google/cloud/example/library/spi/v1/PagedResponseWrappers.class
/java/google-cloud-library_example/build/classes/main/com/google/cloud/example/library/spi/v1/SampleApp.class
/java/google-cloud-library_example/build/classes/main/com/google/cloud/example/library/spi/v1/stub/GrpcLibraryServiceStub.class
/java/google-cloud-library_example/build/classes/main/com/google/cloud/example/library/spi/v1/stub/LibraryServiceStub.class
/java/google-cloud-library_example/build/libs/google-cloud-library_example-0.1.15.jar
/java/google-cloud-library_example/build/tmp/jar/MANIFEST.MF
/java/google-cloud-library_example/gradle/wrapper/gradle-wrapper.jar
/java/google-cloud-library_example/gradle/wrapper/gradle-wrapper.properties
/java/google-cloud-library_example/gradlew
/java/google-cloud-library_example/gradlew.bat
/java/google-cloud-library_example/grpc-google-cloud-library_example-v1/LICENSE
/java/google-cloud-library_example/grpc-google-cloud-library_example-v1/PUBLISHING.md
/java/google-cloud-library_example/grpc-google-cloud-library_example-v1/build.gradle
/java/google-cloud-library_example/grpc-google-cloud-library_example-v1/build/classes/main/com/google/example/library/v1/LibraryServiceGrpc$1.class
/java/google-cloud-library_example/grpc-google-cloud-library_example-v1/build/classes/main/com/google/example/library/v1/LibraryServiceGrpc$LibraryServiceBlockingStub.class
/java/google-cloud-library_example/grpc-google-cloud-library_example-v1/build/classes/main/com/google/example/library/v1/LibraryServiceGrpc$LibraryServiceDescriptorSupplier.class
/java/google-cloud-library_example/grpc-google-cloud-library_example-v1/build/classes/main/com/google/example/library/v1/LibraryServiceGrpc$LibraryServiceFutureStub.class
/java/google-cloud-library_example/grpc-google-cloud-library_example-v1/build/classes/main/com/google/example/library/v1/LibraryServiceGrpc$LibraryServiceImplBase.class
/java/google-cloud-library_example/grpc-google-cloud-library_example-v1/build/classes/main/com/google/example/library/v1/LibraryServiceGrpc$LibraryServiceStub.class
/java/google-cloud-library_example/grpc-google-cloud-library_example-v1/build/classes/main/com/google/example/library/v1/LibraryServiceGrpc$MethodHandlers.class
/java/google-cloud-library_example/grpc-google-cloud-library_example-v1/build/classes/main/com/google/example/library/v1/LibraryServiceGrpc.class
/java/google-cloud-library_example/grpc-google-cloud-library_example-v1/build/libs/grpc-google-cloud-library_example-v1-0.1.15.jar
/java/google-cloud-library_example/grpc-google-cloud-library_example-v1/build/tmp/jar/MANIFEST.MF
/java/google-cloud-library_example/grpc-google-cloud-library_example-v1/gradle/wrapper/gradle-wrapper.jar
/java/google-cloud-library_example/grpc-google-cloud-library_example-v1/gradle/wrapper/gradle-wrapper.properties
/java/google-cloud-library_example/grpc-google-cloud-library_example-v1/gradlew
/java/google-cloud-library_example/grpc-google-cloud-library_example-v1/gradlew.bat
/java/google-cloud-library_example/grpc-google-cloud-library_example-v1/src/main/java/com/google/example/library/v1/LibraryServiceGrpc.java
/java/google-cloud-library_example/grpc-google-cloud-library_example-v1/templates/apidocs_index.html.template
/java/google-cloud-library_example/proto-google-cloud-library_example-v1/LICENSE
/java/google-cloud-library_example/proto-google-cloud-library_example-v1/PUBLISHING.md
/java/google-cloud-library_example/proto-google-cloud-library_example-v1/build.gradle
/java/google-cloud-library_example/proto-google-cloud-library_example-v1/build/classes/main/com/google/example/library/v1/Book$1.class
/java/google-cloud-library_example/proto-google-cloud-library_example-v1/build/classes/main/com/google/example/library/v1/Book$Builder.class
/java/google-cloud-library_example/proto-google-cloud-library_example-v1/build/classes/main/com/google/example/library/v1/Book.class
/java/google-cloud-library_example/proto-google-cloud-library_example-v1/build/classes/main/com/google/example/library/v1/BookName$1.class
/java/google-cloud-library_example/proto-google-cloud-library_example-v1/build/classes/main/com/google/example/library/v1/BookName$Builder.class
/java/google-cloud-library_example/proto-google-cloud-library_example-v1/build/classes/main/com/google/example/library/v1/BookName.class
/java/google-cloud-library_example/proto-google-cloud-library_example-v1/build/classes/main/com/google/example/library/v1/BookNameType.class
/java/google-cloud-library_example/proto-google-cloud-library_example-v1/build/classes/main/com/google/example/library/v1/BookOrBuilder.class
/java/google-cloud-library_example/proto-google-cloud-library_example-v1/build/classes/main/com/google/example/library/v1/CreateBookRequest$1.class
/java/google-cloud-library_example/proto-google-cloud-library_example-v1/build/classes/main/com/google/example/library/v1/CreateBookRequest$Builder.class
/java/google-cloud-library_example/proto-google-cloud-library_example-v1/build/classes/main/com/google/example/library/v1/CreateBookRequest.class
/java/google-cloud-library_example/proto-google-cloud-library_example-v1/build/classes/main/com/google/example/library/v1/CreateBookRequestOrBuilder.class
/java/google-cloud-library_example/proto-google-cloud-library_example-v1/build/classes/main/com/google/example/library/v1/CreateShelfRequest$1.class
/java/google-cloud-library_example/proto-google-cloud-library_example-v1/build/classes/main/com/google/example/library/v1/CreateShelfRequest$Builder.class
/java/google-cloud-library_example/proto-google-cloud-library_example-v1/build/classes/main/com/google/example/library/v1/CreateShelfRequest.class
/java/google-cloud-library_example/proto-google-cloud-library_example-v1/build/classes/main/com/google/example/library/v1/CreateShelfRequestOrBuilder.class
/java/google-cloud-library_example/proto-google-cloud-library_example-v1/build/classes/main/com/google/example/library/v1/DeleteBookRequest$1.class
/java/google-cloud-library_example/proto-google-cloud-library_example-v1/build/classes/main/com/google/example/library/v1/DeleteBookRequest$Builder.class
/java/google-cloud-library_example/proto-google-cloud-library_example-v1/build/classes/main/com/google/example/library/v1/DeleteBookRequest.class
/java/google-cloud-library_example/proto-google-cloud-library_example-v1/build/classes/main/com/google/example/library/v1/DeleteBookRequestOrBuilder.class
/java/google-cloud-library_example/proto-google-cloud-library_example-v1/build/classes/main/com/google/example/library/v1/DeleteShelfRequest$1.class
/java/google-cloud-library_example/proto-google-cloud-library_example-v1/build/classes/main/com/google/example/library/v1/DeleteShelfRequest$Builder.class
/java/google-cloud-library_example/proto-google-cloud-library_example-v1/build/classes/main/com/google/example/library/v1/DeleteShelfRequest.class
/java/google-cloud-library_example/proto-google-cloud-library_example-v1/build/classes/main/com/google/example/library/v1/DeleteShelfRequestOrBuilder.class
/java/google-cloud-library_example/proto-google-cloud-library_example-v1/build/classes/main/com/google/example/library/v1/GetBookRequest$1.class
/java/google-cloud-library_example/proto-google-cloud-library_example-v1/build/classes/main/com/google/example/library/v1/GetBookRequest$Builder.class
/java/google-cloud-library_example/proto-google-cloud-library_example-v1/build/classes/main/com/google/example/library/v1/GetBookRequest.class
/java/google-cloud-library_example/proto-google-cloud-library_example-v1/build/classes/main/com/google/example/library/v1/GetBookRequestOrBuilder.class
/java/google-cloud-library_example/proto-google-cloud-library_example-v1/build/classes/main/com/google/example/library/v1/GetShelfRequest$1.class
/java/google-cloud-library_example/proto-google-cloud-library_example-v1/build/classes/main/com/google/example/library/v1/GetShelfRequest$Builder.class
/java/google-cloud-library_example/proto-google-cloud-library_example-v1/build/classes/main/com/google/example/library/v1/GetShelfRequest.class
/java/google-cloud-library_example/proto-google-cloud-library_example-v1/build/classes/main/com/google/example/library/v1/GetShelfRequestOrBuilder.class
/java/google-cloud-library_example/proto-google-cloud-library_example-v1/build/classes/main/com/google/example/library/v1/LibraryProto$1.class
/java/google-cloud-library_example/proto-google-cloud-library_example-v1/build/classes/main/com/google/example/library/v1/LibraryProto.class
/java/google-cloud-library_example/proto-google-cloud-library_example-v1/build/classes/main/com/google/example/library/v1/ListBooksRequest$1.class
/java/google-cloud-library_example/proto-google-cloud-library_example-v1/build/classes/main/com/google/example/library/v1/ListBooksRequest$Builder.class
/java/google-cloud-library_example/proto-google-cloud-library_example-v1/build/classes/main/com/google/example/library/v1/ListBooksRequest.class
/java/google-cloud-library_example/proto-google-cloud-library_example-v1/build/classes/main/com/google/example/library/v1/ListBooksRequestOrBuilder.class
/java/google-cloud-library_example/proto-google-cloud-library_example-v1/build/classes/main/com/google/example/library/v1/ListBooksResponse$1.class
/java/google-cloud-library_example/proto-google-cloud-library_example-v1/build/classes/main/com/google/example/library/v1/ListBooksResponse$Builder.class
/java/google-cloud-library_example/proto-google-cloud-library_example-v1/build/classes/main/com/google/example/library/v1/ListBooksResponse.class
/java/google-cloud-library_example/proto-google-cloud-library_example-v1/build/classes/main/com/google/example/library/v1/ListBooksResponseOrBuilder.class
/java/google-cloud-library_example/proto-google-cloud-library_example-v1/build/classes/main/com/google/example/library/v1/ListShelvesRequest$1.class
/java/google-cloud-library_example/proto-google-cloud-library_example-v1/build/classes/main/com/google/example/library/v1/ListShelvesRequest$Builder.class
/java/google-cloud-library_example/proto-google-cloud-library_example-v1/build/classes/main/com/google/example/library/v1/ListShelvesRequest.class
/java/google-cloud-library_example/proto-google-cloud-library_example-v1/build/classes/main/com/google/example/library/v1/ListShelvesRequestOrBuilder.class
/java/google-cloud-library_example/proto-google-cloud-library_example-v1/build/classes/main/com/google/example/library/v1/ListShelvesResponse$1.class
/java/google-cloud-library_example/proto-google-cloud-library_example-v1/build/classes/main/com/google/example/library/v1/ListShelvesResponse$Builder.class
/java/google-cloud-library_example/proto-google-cloud-library_example-v1/build/classes/main/com/google/example/library/v1/ListShelvesResponse.class
/java/google-cloud-library_example/proto-google-cloud-library_example-v1/build/classes/main/com/google/example/library/v1/ListShelvesResponseOrBuilder.class
/java/google-cloud-library_example/proto-google-cloud-library_example-v1/build/classes/main/com/google/example/library/v1/MergeShelvesRequest$1.class
/java/google-cloud-library_example/proto-google-cloud-library_example-v1/build/classes/main/com/google/example/library/v1/MergeShelvesRequest$Builder.class
/java/google-cloud-library_example/proto-google-cloud-library_example-v1/build/classes/main/com/google/example/library/v1/MergeShelvesRequest.class
/java/google-cloud-library_example/proto-google-cloud-library_example-v1/build/classes/main/com/google/example/library/v1/MergeShelvesRequestOrBuilder.class
/java/google-cloud-library_example/proto-google-cloud-library_example-v1/build/classes/main/com/google/example/library/v1/MoveBookRequest$1.class
/java/google-cloud-library_example/proto-google-cloud-library_example-v1/build/classes/main/com/google/example/library/v1/MoveBookRequest$Builder.class
/java/google-cloud-library_example/proto-google-cloud-library_example-v1/build/classes/main/com/google/example/library/v1/MoveBookRequest.class
/java/google-cloud-library_example/proto-google-cloud-library_example-v1/build/classes/main/com/google/example/library/v1/MoveBookRequestOrBuilder.class
/java/google-cloud-library_example/proto-google-cloud-library_example-v1/build/classes/main/com/google/example/library/v1/Shelf$1.class
/java/google-cloud-library_example/proto-google-cloud-library_example-v1/build/classes/main/com/google/example/library/v1/Shelf$Builder.class
/java/google-cloud-library_example/proto-google-cloud-library_example-v1/build/classes/main/com/google/example/library/v1/Shelf.class
/java/google-cloud-library_example/proto-google-cloud-library_example-v1/build/classes/main/com/google/example/library/v1/ShelfName$1.class
/java/google-cloud-library_example/proto-google-cloud-library_example-v1/build/classes/main/com/google/example/library/v1/ShelfName$Builder.class
/java/google-cloud-library_example/proto-google-cloud-library_example-v1/build/classes/main/com/google/example/library/v1/ShelfName.class
/java/google-cloud-library_example/proto-google-cloud-library_example-v1/build/classes/main/com/google/example/library/v1/ShelfNameType.class
/java/google-cloud-library_example/proto-google-cloud-library_example-v1/build/classes/main/com/google/example/library/v1/ShelfOrBuilder.class
/java/google-cloud-library_example/proto-google-cloud-library_example-v1/build/classes/main/com/google/example/library/v1/UpdateBookRequest$1.class
/java/google-cloud-library_example/proto-google-cloud-library_example-v1/build/classes/main/com/google/example/library/v1/UpdateBookRequest$Builder.class
/java/google-cloud-library_example/proto-google-cloud-library_example-v1/build/classes/main/com/google/example/library/v1/UpdateBookRequest.class
/java/google-cloud-library_example/proto-google-cloud-library_example-v1/build/classes/main/com/google/example/library/v1/UpdateBookRequestOrBuilder.class
/java/google-cloud-library_example/proto-google-cloud-library_example-v1/build/libs/proto-google-cloud-library_example-v1-0.1.15.jar
/java/google-cloud-library_example/proto-google-cloud-library_example-v1/build/tmp/jar/MANIFEST.MF
/java/google-cloud-library_example/proto-google-cloud-library_example-v1/gradle/wrapper/gradle-wrapper.jar
/java/google-cloud-library_example/proto-google-cloud-library_example-v1/gradle/wrapper/gradle-wrapper.properties
/java/google-cloud-library_example/proto-google-cloud-library_example-v1/gradlew
/java/google-cloud-library_example/proto-google-cloud-library_example-v1/gradlew.bat
/java/google-cloud-library_example/proto-google-cloud-library_example-v1/src/main/java/com/google/example/library/v1/Book.java
/java/google-cloud-library_example/proto-google-cloud-library_example-v1/src/main/java/com/google/example/library/v1/BookName.java
/java/google-cloud-library_example/proto-google-cloud-library_example-v1/src/main/java/com/google/example/library/v1/BookNameType.java
/java/google-cloud-library_example/proto-google-cloud-library_example-v1/src/main/java/com/google/example/library/v1/BookOrBuilder.java
/java/google-cloud-library_example/proto-google-cloud-library_example-v1/src/main/java/com/google/example/library/v1/CreateBookRequest.java
/java/google-cloud-library_example/proto-google-cloud-library_example-v1/src/main/java/com/google/example/library/v1/CreateBookRequestOrBuilder.java
/java/google-cloud-library_example/proto-google-cloud-library_example-v1/src/main/java/com/google/example/library/v1/CreateShelfRequest.java
/java/google-cloud-library_example/proto-google-cloud-library_example-v1/src/main/java/com/google/example/library/v1/CreateShelfRequestOrBuilder.java
/java/google-cloud-library_example/proto-google-cloud-library_example-v1/src/main/java/com/google/example/library/v1/DeleteBookRequest.java
/java/google-cloud-library_example/proto-google-cloud-library_example-v1/src/main/java/com/google/example/library/v1/DeleteBookRequestOrBuilder.java
/java/google-cloud-library_example/proto-google-cloud-library_example-v1/src/main/java/com/google/example/library/v1/DeleteShelfRequest.java
/java/google-cloud-library_example/proto-google-cloud-library_example-v1/src/main/java/com/google/example/library/v1/DeleteShelfRequestOrBuilder.java
/java/google-cloud-library_example/proto-google-cloud-library_example-v1/src/main/java/com/google/example/library/v1/GetBookRequest.java
/java/google-cloud-library_example/proto-google-cloud-library_example-v1/src/main/java/com/google/example/library/v1/GetBookRequestOrBuilder.java
/java/google-cloud-library_example/proto-google-cloud-library_example-v1/src/main/java/com/google/example/library/v1/GetShelfRequest.java
/java/google-cloud-library_example/proto-google-cloud-library_example-v1/src/main/java/com/google/example/library/v1/GetShelfRequestOrBuilder.java
/java/google-cloud-library_example/proto-google-cloud-library_example-v1/src/main/java/com/google/example/library/v1/LibraryProto.java
/java/google-cloud-library_example/proto-google-cloud-library_example-v1/src/main/java/com/google/example/library/v1/ListBooksRequest.java
/java/google-cloud-library_example/proto-google-cloud-library_example-v1/src/main/java/com/google/example/library/v1/ListBooksRequestOrBuilder.java
/java/google-cloud-library_example/proto-google-cloud-library_example-v1/src/main/java/com/google/example/library/v1/ListBooksResponse.java
/java/google-cloud-library_example/proto-google-cloud-library_example-v1/src/main/java/com/google/example/library/v1/ListBooksResponseOrBuilder.java
/java/google-cloud-library_example/proto-google-cloud-library_example-v1/src/main/java/com/google/example/library/v1/ListShelvesRequest.java
/java/google-cloud-library_example/proto-google-cloud-library_example-v1/src/main/java/com/google/example/library/v1/ListShelvesRequestOrBuilder.java
/java/google-cloud-library_example/proto-google-cloud-library_example-v1/src/main/java/com/google/example/library/v1/ListShelvesResponse.java
/java/google-cloud-library_example/proto-google-cloud-library_example-v1/src/main/java/com/google/example/library/v1/ListShelvesResponseOrBuilder.java
/java/google-cloud-library_example/proto-google-cloud-library_example-v1/src/main/java/com/google/example/library/v1/MergeShelvesRequest.java
/java/google-cloud-library_example/proto-google-cloud-library_example-v1/src/main/java/com/google/example/library/v1/MergeShelvesRequestOrBuilder.java
/java/google-cloud-library_example/proto-google-cloud-library_example-v1/src/main/java/com/google/example/library/v1/MoveBookRequest.java
/java/google-cloud-library_example/proto-google-cloud-library_example-v1/src/main/java/com/google/example/library/v1/MoveBookRequestOrBuilder.java
/java/google-cloud-library_example/proto-google-cloud-library_example-v1/src/main/java/com/google/example/library/v1/Shelf.java
/java/google-cloud-library_example/proto-google-cloud-library_example-v1/src/main/java/com/google/example/library/v1/ShelfName.java
/java/google-cloud-library_example/proto-google-cloud-library_example-v1/src/main/java/com/google/example/library/v1/ShelfNameType.java
/java/google-cloud-library_example/proto-google-cloud-library_example-v1/src/main/java/com/google/example/library/v1/ShelfOrBuilder.java
/java/google-cloud-library_example/proto-google-cloud-library_example-v1/src/main/java/com/google/example/library/v1/UpdateBookRequest.java
/java/google-cloud-library_example/proto-google-cloud-library_example-v1/src/main/java/com/google/example/library/v1/UpdateBookRequestOrBuilder.java
/java/google-cloud-library_example/proto-google-cloud-library_example-v1/src/main/proto/google/example/library/v1/library.proto
/java/google-cloud-library_example/proto-google-cloud-library_example-v1/templates/apidocs_index.html.template
/java/google-cloud-library_example/settings.gradle
/java/google-cloud-library_example/src/main/java/com/google/cloud/example/library/spi/v1/LibraryServiceClient.java
/java/google-cloud-library_example/src/main/java/com/google/cloud/example/library/spi/v1/LibraryServiceSettings.java
/java/google-cloud-library_example/src/main/java/com/google/cloud/example/library/spi/v1/PagedResponseWrappers.java
/java/google-cloud-library_example/src/main/java/com/google/cloud/example/library/spi/v1/SampleApp.java
/java/google-cloud-library_example/src/main/java/com/google/cloud/example/library/spi/v1/package-info.java
/java/google-cloud-library_example/src/main/java/com/google/cloud/example/library/spi/v1/stub/GrpcLibraryServiceStub.java
/java/google-cloud-library_example/src/main/java/com/google/cloud/example/library/spi/v1/stub/LibraryServiceStub.java
/java/google-cloud-library_example/src/test/java/com/google/cloud/example/library/spi/v1/LibraryServiceClientTest.java
/java/google-cloud-library_example/src/test/java/com/google/cloud/example/library/spi/v1/MockLibraryService.java
/java/google-cloud-library_example/src/test/java/com/google/cloud/example/library/spi/v1/MockLibraryServiceImpl.java
/java/grpc-google-cloud-library_example-v1/LICENSE
/java/grpc-google-cloud-library_example-v1/PUBLISHING.md
/java/grpc-google-cloud-library_example-v1/build.gradle
/java/grpc-google-cloud-library_example-v1/gradle/wrapper/gradle-wrapper.jar
/java/grpc-google-cloud-library_example-v1/gradle/wrapper/gradle-wrapper.properties
/java/grpc-google-cloud-library_example-v1/gradlew
/java/grpc-google-cloud-library_example-v1/gradlew.bat
/java/grpc-google-cloud-library_example-v1/src/main/java/com/google/example/library/v1/LibraryServiceGrpc.java
/java/grpc-google-cloud-library_example-v1/templates/apidocs_index.html.template
/java/proto-google-cloud-library_example-v1/LICENSE
/java/proto-google-cloud-library_example-v1/PUBLISHING.md
/java/proto-google-cloud-library_example-v1/build.gradle
/java/proto-google-cloud-library_example-v1/gradle/wrapper/gradle-wrapper.jar
/java/proto-google-cloud-library_example-v1/gradle/wrapper/gradle-wrapper.properties
/java/proto-google-cloud-library_example-v1/gradlew
/java/proto-google-cloud-library_example-v1/gradlew.bat
/java/proto-google-cloud-library_example-v1/src/main/java/com/google/example/library/v1/Book.java
/java/proto-google-cloud-library_example-v1/src/main/java/com/google/example/library/v1/BookName.java
/java/proto-google-cloud-library_example-v1/src/main/java/com/google/example/library/v1/BookNameType.java
/java/proto-google-cloud-library_example-v1/src/main/java/com/google/example/library/v1/BookOrBuilder.java
/java/proto-google-cloud-library_example-v1/src/main/java/com/google/example/library/v1/CreateBookRequest.java
/java/proto-google-cloud-library_example-v1/src/main/java/com/google/example/library/v1/CreateBookRequestOrBuilder.java
/java/proto-google-cloud-library_example-v1/src/main/java/com/google/example/library/v1/CreateShelfRequest.java
/java/proto-google-cloud-library_example-v1/src/main/java/com/google/example/library/v1/CreateShelfRequestOrBuilder.java
/java/proto-google-cloud-library_example-v1/src/main/java/com/google/example/library/v1/DeleteBookRequest.java
/java/proto-google-cloud-library_example-v1/src/main/java/com/google/example/library/v1/DeleteBookRequestOrBuilder.java
/java/proto-google-cloud-library_example-v1/src/main/java/com/google/example/library/v1/DeleteShelfRequest.java
/java/proto-google-cloud-library_example-v1/src/main/java/com/google/example/library/v1/DeleteShelfRequestOrBuilder.java
/java/proto-google-cloud-library_example-v1/src/main/java/com/google/example/library/v1/GetBookRequest.java
/java/proto-google-cloud-library_example-v1/src/main/java/com/google/example/library/v1/GetBookRequestOrBuilder.java
/java/proto-google-cloud-library_example-v1/src/main/java/com/google/example/library/v1/GetShelfRequest.java
/java/proto-google-cloud-library_example-v1/src/main/java/com/google/example/library/v1/GetShelfRequestOrBuilder.java
/java/proto-google-cloud-library_example-v1/src/main/java/com/google/example/library/v1/LibraryProto.java
/java/proto-google-cloud-library_example-v1/src/main/java/com/google/example/library/v1/ListBooksRequest.java
/java/proto-google-cloud-library_example-v1/src/main/java/com/google/example/library/v1/ListBooksRequestOrBuilder.java
/java/proto-google-cloud-library_example-v1/src/main/java/com/google/example/library/v1/ListBooksResponse.java
/java/proto-google-cloud-library_example-v1/src/main/java/com/google/example/library/v1/ListBooksResponseOrBuilder.java
/java/proto-google-cloud-library_example-v1/src/main/java/com/google/example/library/v1/ListShelvesRequest.java
/java/proto-google-cloud-library_example-v1/src/main/java/com/google/example/library/v1/ListShelvesRequestOrBuilder.java
/java/proto-google-cloud-library_example-v1/src/main/java/com/google/example/library/v1/ListShelvesResponse.java
/java/proto-google-cloud-library_example-v1/src/main/java/com/google/example/library/v1/ListShelvesResponseOrBuilder.java
/java/proto-google-cloud-library_example-v1/src/main/java/com/google/example/library/v1/MergeShelvesRequest.java
/java/proto-google-cloud-library_example-v1/src/main/java/com/google/example/library/v1/MergeShelvesRequestOrBuilder.java
/java/proto-google-cloud-library_example-v1/src/main/java/com/google/example/library/v1/MoveBookRequest.java
/java/proto-google-cloud-library_example-v1/src/main/java/com/google/example/library/v1/MoveBookRequestOrBuilder.java
/java/proto-google-cloud-library_example-v1/src/main/java/com/google/example/library/v1/Shelf.java
/java/proto-google-cloud-library_example-v1/src/main/java/com/google/example/library/v1/ShelfName.java
/java/proto-google-cloud-library_example-v1/src/main/java/com/google/example/library/v1/ShelfNameType.java
/java/proto-google-cloud-library_example-v1/src/main/java/com/google/example/library/v1/ShelfOrBuilder.java
/java/proto-google-cloud-library_example-v1/src/main/java/com/google/example/library/v1/UpdateBookRequest.java
/java/proto-google-cloud-library_example-v1/src/main/java/com/google/example/library/v1/UpdateBookRequestOrBuilder.java
/java/proto-google-cloud-library_example-v1/src/main/proto/google/example/library/v1/library.proto
/java/proto-google-cloud-library_example-v1/templates/apidocs_index.html.template
/js/library_example-v1/README.md
/js/library_example-v1/package.json
/js/library_example-v1/src/index.js
/js/library_example-v1/src/v1/index.js
/js/library_example-v1/src/v1/library_service_client.js
/js/library_example-v1/src/v1/library_service_client_config.json
/js/library_example-v1/test/gapic-v1.js
/python/library_example-v1/LICENSE
/python/library_example-v1/MANIFEST.in
/python/library_example-v1/PUBLISHING.rst
/python/library_example-v1/README.rst
/python/library_example-v1/docs/apis.rst
/python/library_example-v1/docs/conf.py
/python/library_example-v1/docs/index.rst
/python/library_example-v1/docs/starting.rst
/python/library_example-v1/google/__init__.py
/python/library_example-v1/google/cloud/__init__.py
/python/library_example-v1/google/cloud/gapic/__init__.py
/python/library_example-v1/google/cloud/gapic/example/__init__.py
/python/library_example-v1/google/cloud/gapic/example/library/__init__.py
/python/library_example-v1/google/cloud/gapic/example/library/v1/__init__.py
/python/library_example-v1/google/cloud/gapic/example/library/v1/library_service_client.py
/python/library_example-v1/google/cloud/gapic/example/library/v1/library_service_client_config.json
/python/library_example-v1/requirements.txt
/python/library_example-v1/setup.py
/python/library_example-v1/tests/unit/gapic/v1/test_library_service_client_v1.py
/python/library_example-v1/tox.ini
/python/grpc-google-cloud-library_example-v1/LICENSE
/python/grpc-google-cloud-library_example-v1/MANIFEST.in
/python/grpc-google-cloud-library_example-v1/PUBLISHING.rst
/python/grpc-google-cloud-library_example-v1/README.rst
/python/grpc-google-cloud-library_example-v1/google/__init__.py
/python/grpc-google-cloud-library_example-v1/google/cloud/__init__.py
/python/grpc-google-cloud-library_example-v1/google/cloud/proto/__init__.py
/python/grpc-google-cloud-library_example-v1/google/cloud/proto/example/__init__.py
/python/grpc-google-cloud-library_example-v1/google/cloud/proto/example/library/__init__.py
/python/grpc-google-cloud-library_example-v1/google/cloud/proto/example/library/v1/__init__.py
/python/grpc-google-cloud-library_example-v1/google/cloud/proto/example/library/v1/library_pb2.py
/python/grpc-google-cloud-library_example-v1/google/cloud/proto/example/library/v1/library_pb2_grpc.py
/python/grpc-google-cloud-library_example-v1/setup.py
/ruby/google-cloud-ruby/google-cloud-library_example/.gitignore
/ruby/google-cloud-ruby/google-cloud-library_example/.rubocop.yml
/ruby/google-cloud-ruby/google-cloud-library_example/.yardopts
/ruby/google-cloud-ruby/google-cloud-library_example/Gemfile
/ruby/google-cloud-ruby/google-cloud-library_example/LICENSE
/ruby/google-cloud-ruby/google-cloud-library_example/README.md
/ruby/google-cloud-ruby/google-cloud-library_example/Rakefile
/ruby/google-cloud-ruby/google-cloud-library_example/google-cloud-example-library.gemspec
/ruby/google-cloud-ruby/google-cloud-library_example/lib/google/cloud/example/library.rb
/ruby/google-cloud-ruby/google-cloud-library_example/lib/google/cloud/example/library/credentials.rb
/ruby/google-cloud-ruby/google-cloud-library_example/lib/google/cloud/example/library/v1.rb
/ruby/google-cloud-ruby/google-cloud-library_example/lib/google/cloud/example/library/v1/library_service_client.rb
/ruby/google-cloud-ruby/google-cloud-library_example/lib/google/cloud/example/library/v1/library_service_client_config.json
/ruby/google-cloud-ruby/google-cloud-library_example/lib/google/cloud/example/library/v1/doc/google/example/library/v1/library.rb
/ruby/google-cloud-ruby/google-cloud-library_example/lib/google/example/library/v1/library_pb.rb
/ruby/google-cloud-ruby/google-cloud-library_example/lib/google/example/library/v1/library_services_pb.rb
/ruby/google-cloud-ruby/google-cloud-library_example/test/google/cloud/example/library/v1/library_service_client_test.rb
/ruby/grpc-google-cloud-library_example-v1/google/example/library/v1/library_pb.rb
/ruby/grpc-google-cloud-library_example-v1/google/example/library/v1/library_services_pb.rb
